Analysis & Synthesis report for Dong_ho_the_ky
Sat Aug 16 17:13:03 2025
Quartus Prime Version 24.1std.0 Build 1077 03/04/2025 SC Lite Edition


---------------------
; Table of Contents ;
---------------------
  1. Legal Notice
  2. Analysis & Synthesis Summary
  3. Analysis & Synthesis Settings
  4. Parallel Compilation
  5. Analysis & Synthesis Source Files Read
  6. Analysis & Synthesis Resource Usage Summary
  7. Analysis & Synthesis Resource Utilization by Entity
  8. Registers Removed During Synthesis
  9. General Register Statistics
 10. Inverted Register Statistics
 11. Multiplexer Restructuring Statistics (Restructuring Performed)
 12. Parameter Settings for User Entity Instance: clk_div:clk_div_t
 13. Port Connectivity Checks: "display:display_t|bin7_bcd2:mybin6"
 14. Port Connectivity Checks: "display:display_t|bin7_bcd2:mybin5"
 15. Port Connectivity Checks: "display:display_t|bin7_bcd2:mybin4"
 16. Port Connectivity Checks: "display:display_t|bin7_bcd2:mybin3"
 17. Port Connectivity Checks: "display:display_t|bin7_bcd2:mybin2"
 18. Port Connectivity Checks: "display:display_t|bin7_bcd2:mybin1"
 19. Port Connectivity Checks: "display:display_t"
 20. Port Connectivity Checks: "day_top:day_top_t|cnt_year:cnt_year1"
 21. Port Connectivity Checks: "day_top:day_top_t|cnt_12m:cnt_12m1"
 22. Post-Synthesis Netlist Statistics for Top Partition
 23. Elapsed Time Per Partition
 24. Analysis & Synthesis Messages



----------------
; Legal Notice ;
----------------
Copyright (C) 2025  Altera Corporation. All rights reserved.
Your use of Altera Corporation's design tools, logic functions 
and other software and tools, and any partner logic 
functions, and any output files from any of the foregoing 
(including device programming or simulation files), and any 
associated documentation or information are expressly subject 
to the terms and conditions of the Altera Program License 
Subscription Agreement, the Altera Quartus Prime License Agreement,
the Altera IP License Agreement, or other applicable license
agreement, including, without limitation, that your use is for
the sole purpose of programming logic devices manufactured by
Altera and sold by Altera or its authorized distributors.  Please
refer to the Altera Software License Subscription Agreements 
on the Quartus Prime software download page.



+--------------------------------------------------------------------------------------+
; Analysis & Synthesis Summary                                                         ;
+------------------------------------+-------------------------------------------------+
; Analysis & Synthesis Status        ; Successful - Sat Aug 16 17:13:03 2025           ;
; Quartus Prime Version              ; 24.1std.0 Build 1077 03/04/2025 SC Lite Edition ;
; Revision Name                      ; Dong_ho_the_ky                                  ;
; Top-level Entity Name              ; top                                             ;
; Family                             ; Cyclone IV E                                    ;
; Total logic elements               ; 362                                             ;
;     Total combinational functions  ; 362                                             ;
;     Dedicated logic registers      ; 86                                              ;
; Total registers                    ; 86                                              ;
; Total pins                         ; 51                                              ;
; Total virtual pins                 ; 0                                               ;
; Total memory bits                  ; 0                                               ;
; Embedded Multiplier 9-bit elements ; 0                                               ;
; Total PLLs                         ; 0                                               ;
+------------------------------------+-------------------------------------------------+


+------------------------------------------------------------------------------------------------------------+
; Analysis & Synthesis Settings                                                                              ;
+------------------------------------------------------------------+--------------------+--------------------+
; Option                                                           ; Setting            ; Default Value      ;
+------------------------------------------------------------------+--------------------+--------------------+
; Device                                                           ; EP4CE115F29C7      ;                    ;
; Top-level entity name                                            ; top                ; Dong_ho_the_ky     ;
; Family name                                                      ; Cyclone IV E       ; Cyclone V          ;
; Use smart compilation                                            ; Off                ; Off                ;
; Enable parallel Assembler and Timing Analyzer during compilation ; On                 ; On                 ;
; Enable compact report table                                      ; Off                ; Off                ;
; Restructure Multiplexers                                         ; Auto               ; Auto               ;
; Create Debugging Nodes for IP Cores                              ; Off                ; Off                ;
; Preserve fewer node names                                        ; On                 ; On                 ;
; Intel FPGA IP Evaluation Mode                                    ; Enable             ; Enable             ;
; Verilog Version                                                  ; Verilog_2001       ; Verilog_2001       ;
; VHDL Version                                                     ; VHDL_1993          ; VHDL_1993          ;
; State Machine Processing                                         ; Auto               ; Auto               ;
; Safe State Machine                                               ; Off                ; Off                ;
; Extract Verilog State Machines                                   ; On                 ; On                 ;
; Extract VHDL State Machines                                      ; On                 ; On                 ;
; Ignore Verilog initial constructs                                ; Off                ; Off                ;
; Iteration limit for constant Verilog loops                       ; 5000               ; 5000               ;
; Iteration limit for non-constant Verilog loops                   ; 250                ; 250                ;
; Add Pass-Through Logic to Inferred RAMs                          ; On                 ; On                 ;
; Infer RAMs from Raw Logic                                        ; On                 ; On                 ;
; Parallel Synthesis                                               ; On                 ; On                 ;
; DSP Block Balancing                                              ; Auto               ; Auto               ;
; NOT Gate Push-Back                                               ; On                 ; On                 ;
; Power-Up Don't Care                                              ; On                 ; On                 ;
; Remove Redundant Logic Cells                                     ; Off                ; Off                ;
; Remove Duplicate Registers                                       ; On                 ; On                 ;
; Ignore CARRY Buffers                                             ; Off                ; Off                ;
; Ignore CASCADE Buffers                                           ; Off                ; Off                ;
; Ignore GLOBAL Buffers                                            ; Off                ; Off                ;
; Ignore ROW GLOBAL Buffers                                        ; Off                ; Off                ;
; Ignore LCELL Buffers                                             ; Off                ; Off                ;
; Ignore SOFT Buffers                                              ; On                 ; On                 ;
; Limit AHDL Integers to 32 Bits                                   ; Off                ; Off                ;
; Optimization Technique                                           ; Balanced           ; Balanced           ;
; Carry Chain Length                                               ; 70                 ; 70                 ;
; Auto Carry Chains                                                ; On                 ; On                 ;
; Auto Open-Drain Pins                                             ; On                 ; On                 ;
; Perform WYSIWYG Primitive Resynthesis                            ; Off                ; Off                ;
; Auto ROM Replacement                                             ; On                 ; On                 ;
; Auto RAM Replacement                                             ; On                 ; On                 ;
; Auto DSP Block Replacement                                       ; On                 ; On                 ;
; Auto Shift Register Replacement                                  ; Auto               ; Auto               ;
; Allow Shift Register Merging across Hierarchies                  ; Auto               ; Auto               ;
; Auto Clock Enable Replacement                                    ; On                 ; On                 ;
; Strict RAM Replacement                                           ; Off                ; Off                ;
; Allow Synchronous Control Signals                                ; On                 ; On                 ;
; Force Use of Synchronous Clear Signals                           ; Off                ; Off                ;
; Auto RAM Block Balancing                                         ; On                 ; On                 ;
; Auto RAM to Logic Cell Conversion                                ; Off                ; Off                ;
; Auto Resource Sharing                                            ; Off                ; Off                ;
; Allow Any RAM Size For Recognition                               ; Off                ; Off                ;
; Allow Any ROM Size For Recognition                               ; Off                ; Off                ;
; Allow Any Shift Register Size For Recognition                    ; Off                ; Off                ;
; Use LogicLock Constraints during Resource Balancing              ; On                 ; On                 ;
; Ignore translate_off and synthesis_off directives                ; Off                ; Off                ;
; Timing-Driven Synthesis                                          ; On                 ; On                 ;
; Report Parameter Settings                                        ; On                 ; On                 ;
; Report Source Assignments                                        ; On                 ; On                 ;
; Report Connectivity Checks                                       ; On                 ; On                 ;
; Ignore Maximum Fan-Out Assignments                               ; Off                ; Off                ;
; Synchronization Register Chain Length                            ; 2                  ; 2                  ;
; Power Optimization During Synthesis                              ; Normal compilation ; Normal compilation ;
; HDL message level                                                ; Level2             ; Level2             ;
; Suppress Register Optimization Related Messages                  ; Off                ; Off                ;
; Number of Removed Registers Reported in Synthesis Report         ; 5000               ; 5000               ;
; Number of Swept Nodes Reported in Synthesis Report               ; 5000               ; 5000               ;
; Number of Inverted Registers Reported in Synthesis Report        ; 100                ; 100                ;
; Clock MUX Protection                                             ; On                 ; On                 ;
; Auto Gated Clock Conversion                                      ; Off                ; Off                ;
; Block Design Naming                                              ; Auto               ; Auto               ;
; SDC constraint protection                                        ; Off                ; Off                ;
; Synthesis Effort                                                 ; Auto               ; Auto               ;
; Shift Register Replacement - Allow Asynchronous Clear Signal     ; On                 ; On                 ;
; Pre-Mapping Resynthesis Optimization                             ; Off                ; Off                ;
; Analysis & Synthesis Message Level                               ; Medium             ; Medium             ;
; Disable Register Merging Across Hierarchies                      ; Auto               ; Auto               ;
; Resource Aware Inference For Block RAM                           ; On                 ; On                 ;
+------------------------------------------------------------------+--------------------+--------------------+


+------------------------------------------+
; Parallel Compilation                     ;
+----------------------------+-------------+
; Processors                 ; Number      ;
+----------------------------+-------------+
; Number detected on machine ; 16          ;
; Maximum allowed            ; 12          ;
;                            ;             ;
; Average used               ; 1.00        ;
; Maximum used               ; 12          ;
;                            ;             ;
; Usage by Processor         ; % Time Used ;
;     Processor 1            ; 100.0%      ;
;     Processor 2            ;   0.0%      ;
;     Processors 3-12        ;   0.0%      ;
+----------------------------+-------------+


+---------------------------------------------------------------------------------------------------------------------------------------+
; Analysis & Synthesis Source Files Read                                                                                                ;
+----------------------------------+-----------------+------------------------+-----------------------------------------------+---------+
; File Name with User-Entered Path ; Used in Netlist ; File Type              ; File Name with Absolute Path                  ; Library ;
+----------------------------------+-----------------+------------------------+-----------------------------------------------+---------+
; clk_div.v                        ; yes             ; User Verilog HDL File  ; E:/Bai_tap_verilog/verilog/BTVN/clk_div.v     ;         ;
; cnt_60s.v                        ; yes             ; User Verilog HDL File  ; E:/Bai_tap_verilog/verilog/BTVN/cnt_60s.v     ;         ;
; cnt_60p.v                        ; yes             ; User Verilog HDL File  ; E:/Bai_tap_verilog/verilog/BTVN/cnt_60p.v     ;         ;
; cnt_24h.v                        ; yes             ; User Verilog HDL File  ; E:/Bai_tap_verilog/verilog/BTVN/cnt_24h.v     ;         ;
; cnt_day.v                        ; yes             ; User Verilog HDL File  ; E:/Bai_tap_verilog/verilog/BTVN/cnt_day.v     ;         ;
; day_mon.v                        ; yes             ; User Verilog HDL File  ; E:/Bai_tap_verilog/verilog/BTVN/day_mon.v     ;         ;
; cnt_12m.v                        ; yes             ; User Verilog HDL File  ; E:/Bai_tap_verilog/verilog/BTVN/cnt_12m.v     ;         ;
; cnt_year.v                       ; yes             ; User Verilog HDL File  ; E:/Bai_tap_verilog/verilog/BTVN/cnt_year.v    ;         ;
; decode_7seg.v                    ; yes             ; User Verilog HDL File  ; E:/Bai_tap_verilog/verilog/BTVN/decode_7seg.v ;         ;
; bin7_bcd2.v                      ; yes             ; User Verilog HDL File  ; E:/Bai_tap_verilog/verilog/BTVN/bin7_bcd2.v   ;         ;
; control.v                        ; yes             ; User Verilog HDL File  ; E:/Bai_tap_verilog/verilog/BTVN/control.v     ;         ;
; display.v                        ; yes             ; User Verilog HDL File  ; E:/Bai_tap_verilog/verilog/BTVN/display.v     ;         ;
; top.v                            ; yes             ; User Verilog HDL File  ; E:/Bai_tap_verilog/verilog/BTVN/top.v         ;         ;
; day_top.v                        ; yes             ; User Verilog HDL File  ; E:/Bai_tap_verilog/verilog/BTVN/day_top.v     ;         ;
+----------------------------------+-----------------+------------------------+-----------------------------------------------+---------+


+-----------------------------------------------------------+
; Analysis & Synthesis Resource Usage Summary               ;
+---------------------------------------------+-------------+
; Resource                                    ; Usage       ;
+---------------------------------------------+-------------+
; Estimated Total logic elements              ; 362         ;
;                                             ;             ;
; Total combinational functions               ; 362         ;
; Logic element usage by number of LUT inputs ;             ;
;     -- 4 input functions                    ; 193         ;
;     -- 3 input functions                    ; 37          ;
;     -- <=2 input functions                  ; 132         ;
;                                             ;             ;
; Logic elements by mode                      ;             ;
;     -- normal mode                          ; 266         ;
;     -- arithmetic mode                      ; 96          ;
;                                             ;             ;
; Total registers                             ; 86          ;
;     -- Dedicated logic registers            ; 86          ;
;     -- I/O registers                        ; 0           ;
;                                             ;             ;
; I/O pins                                    ; 51          ;
;                                             ;             ;
; Embedded Multiplier 9-bit elements          ; 0           ;
;                                             ;             ;
; Maximum fan-out node                        ; rst_n~input ;
; Maximum fan-out                             ; 86          ;
; Total fan-out                               ; 1520        ;
; Average fan-out                             ; 2.76        ;
+---------------------------------------------+-------------+


+----------------------------------------------------------------------------------------------------------------------------------------------------------------------------------------------------------------------------------+
; Analysis & Synthesis Resource Utilization by Entity                                                                                                                                                                              ;
+-----------------------------+---------------------+---------------------------+-------------+--------------+---------+-----------+------+--------------+--------------------------------------------+-------------+--------------+
; Compilation Hierarchy Node  ; Combinational ALUTs ; Dedicated Logic Registers ; Memory Bits ; DSP Elements ; DSP 9x9 ; DSP 18x18 ; Pins ; Virtual Pins ; Full Hierarchy Name                        ; Entity Name ; Library Name ;
+-----------------------------+---------------------+---------------------------+-------------+--------------+---------+-----------+------+--------------+--------------------------------------------+-------------+--------------+
; |top                        ; 362 (1)             ; 86 (0)                    ; 0           ; 0            ; 0       ; 0         ; 51   ; 0            ; |top                                       ; top         ; work         ;
;    |clk_div:clk_div_t|      ; 84 (84)             ; 48 (48)                   ; 0           ; 0            ; 0       ; 0         ; 0    ; 0            ; |top|clk_div:clk_div_t                     ; clk_div     ; work         ;
;    |cnt_12m:cnt_12m_t|      ; 12 (12)             ; 5 (5)                     ; 0           ; 0            ; 0       ; 0         ; 0    ; 0            ; |top|cnt_12m:cnt_12m_t                     ; cnt_12m     ; work         ;
;    |cnt_24h:cnt_24h_t|      ; 24 (24)             ; 6 (6)                     ; 0           ; 0            ; 0       ; 0         ; 0    ; 0            ; |top|cnt_24h:cnt_24h_t                     ; cnt_24h     ; work         ;
;    |cnt_60p:cnt_60p_t|      ; 26 (26)             ; 7 (7)                     ; 0           ; 0            ; 0       ; 0         ; 0    ; 0            ; |top|cnt_60p:cnt_60p_t                     ; cnt_60p     ; work         ;
;    |cnt_60s:cnt_60s_t|      ; 26 (26)             ; 7 (7)                     ; 0           ; 0            ; 0       ; 0         ; 0    ; 0            ; |top|cnt_60s:cnt_60s_t                     ; cnt_60s     ; work         ;
;    |cnt_year:cnt_year_t|    ; 34 (34)             ; 7 (7)                     ; 0           ; 0            ; 0       ; 0         ; 0    ; 0            ; |top|cnt_year:cnt_year_t                   ; cnt_year    ; work         ;
;    |control:control_t|      ; 6 (6)               ; 0 (0)                     ; 0           ; 0            ; 0       ; 0         ; 0    ; 0            ; |top|control:control_t                     ; control     ; work         ;
;    |day_top:day_top_t|      ; 24 (0)              ; 6 (0)                     ; 0           ; 0            ; 0       ; 0         ; 0    ; 0            ; |top|day_top:day_top_t                     ; day_top     ; work         ;
;       |cnt_day:cnt_day1|    ; 24 (24)             ; 6 (6)                     ; 0           ; 0            ; 0       ; 0         ; 0    ; 0            ; |top|day_top:day_top_t|cnt_day:cnt_day1    ; cnt_day     ; work         ;
;    |display:display_t|      ; 125 (35)            ; 0 (0)                     ; 0           ; 0            ; 0       ; 0         ; 0    ; 0            ; |top|display:display_t                     ; display     ; work         ;
;       |bin7_bcd2:mybin1|    ; 9 (9)               ; 0 (0)                     ; 0           ; 0            ; 0       ; 0         ; 0    ; 0            ; |top|display:display_t|bin7_bcd2:mybin1    ; bin7_bcd2   ; work         ;
;       |bin7_bcd2:mybin2|    ; 9 (9)               ; 0 (0)                     ; 0           ; 0            ; 0       ; 0         ; 0    ; 0            ; |top|display:display_t|bin7_bcd2:mybin2    ; bin7_bcd2   ; work         ;
;       |bin7_bcd2:mybin3|    ; 4 (4)               ; 0 (0)                     ; 0           ; 0            ; 0       ; 0         ; 0    ; 0            ; |top|display:display_t|bin7_bcd2:mybin3    ; bin7_bcd2   ; work         ;
;       |bin7_bcd2:mybin4|    ; 4 (4)               ; 0 (0)                     ; 0           ; 0            ; 0       ; 0         ; 0    ; 0            ; |top|display:display_t|bin7_bcd2:mybin4    ; bin7_bcd2   ; work         ;
;       |bin7_bcd2:mybin6|    ; 26 (26)             ; 0 (0)                     ; 0           ; 0            ; 0       ; 0         ; 0    ; 0            ; |top|display:display_t|bin7_bcd2:mybin6    ; bin7_bcd2   ; work         ;
;       |decode_7seg:my7seg1| ; 7 (7)               ; 0 (0)                     ; 0           ; 0            ; 0       ; 0         ; 0    ; 0            ; |top|display:display_t|decode_7seg:my7seg1 ; decode_7seg ; work         ;
;       |decode_7seg:my7seg2| ; 7 (7)               ; 0 (0)                     ; 0           ; 0            ; 0       ; 0         ; 0    ; 0            ; |top|display:display_t|decode_7seg:my7seg2 ; decode_7seg ; work         ;
;       |decode_7seg:my7seg3| ; 7 (7)               ; 0 (0)                     ; 0           ; 0            ; 0       ; 0         ; 0    ; 0            ; |top|display:display_t|decode_7seg:my7seg3 ; decode_7seg ; work         ;
;       |decode_7seg:my7seg4| ; 7 (7)               ; 0 (0)                     ; 0           ; 0            ; 0       ; 0         ; 0    ; 0            ; |top|display:display_t|decode_7seg:my7seg4 ; decode_7seg ; work         ;
;       |decode_7seg:my7seg5| ; 7 (7)               ; 0 (0)                     ; 0           ; 0            ; 0       ; 0         ; 0    ; 0            ; |top|display:display_t|decode_7seg:my7seg5 ; decode_7seg ; work         ;
;       |decode_7seg:my7seg6| ; 3 (3)               ; 0 (0)                     ; 0           ; 0            ; 0       ; 0         ; 0    ; 0            ; |top|display:display_t|decode_7seg:my7seg6 ; decode_7seg ; work         ;
+-----------------------------+---------------------+---------------------------+-------------+--------------+---------+-----------+------+--------------+--------------------------------------------+-------------+--------------+
Note: For table entries with two numbers listed, the numbers in parentheses indicate the number of resources of the given type used by the specific entity alone. The numbers listed outside of parentheses indicate the total resources of the given type used by the specific entity and all of its sub-entities in the hierarchy.


+------------------------------------------------------------------------------------------+
; Registers Removed During Synthesis                                                       ;
+------------------------------------------------+-----------------------------------------+
; Register name                                  ; Reason for Removal                      ;
+------------------------------------------------+-----------------------------------------+
; day_top:day_top_t|cnt_year:cnt_year1|year[0]   ; Stuck at VCC due to stuck port preset   ;
; day_top:day_top_t|cnt_year:cnt_year1|year[5,6] ; Stuck at GND due to stuck port clear    ;
; day_top:day_top_t|cnt_year:cnt_year1|year[3,4] ; Stuck at VCC due to stuck port preset   ;
; day_top:day_top_t|cnt_year:cnt_year1|year[1,2] ; Stuck at GND due to stuck port clear    ;
; day_top:day_top_t|cnt_12m:cnt_12m1|month[0]    ; Stuck at VCC due to stuck port preset   ;
; day_top:day_top_t|cnt_12m:cnt_12m1|month[1..3] ; Stuck at GND due to stuck port clear    ;
; clk_div:clk_div_t|cnt_5hz[0]                   ; Merged with clk_div:clk_div_t|cnt_1s[0] ;
; clk_div:clk_div_t|cnt_5hz[1]                   ; Merged with clk_div:clk_div_t|cnt_1s[1] ;
; Total Number of Removed Registers = 13         ;                                         ;
+------------------------------------------------+-----------------------------------------+


+------------------------------------------------------+
; General Register Statistics                          ;
+----------------------------------------------+-------+
; Statistic                                    ; Value ;
+----------------------------------------------+-------+
; Total registers                              ; 86    ;
; Number of registers using Synchronous Clear  ; 0     ;
; Number of registers using Synchronous Load   ; 3     ;
; Number of registers using Asynchronous Clear ; 86    ;
; Number of registers using Asynchronous Load  ; 0     ;
; Number of registers using Clock Enable       ; 31    ;
; Number of registers using Preset             ; 0     ;
+----------------------------------------------+-------+


+-----------------------------------------------------+
; Inverted Register Statistics                        ;
+-------------------------------------------+---------+
; Inverted Register                         ; Fan out ;
+-------------------------------------------+---------+
; cnt_year:cnt_year_t|year[3]               ; 20      ;
; cnt_year:cnt_year_t|year[4]               ; 20      ;
; cnt_year:cnt_year_t|year[0]               ; 5       ;
; cnt_12m:cnt_12m_t|month[0]                ; 6       ;
; day_top:day_top_t|cnt_day:cnt_day1|day[0] ; 6       ;
; Total number of inverted registers = 5    ;         ;
+-------------------------------------------+---------+


+--------------------------------------------------------------------------------------------------------------------------------------------------------------+
; Multiplexer Restructuring Statistics (Restructuring Performed)                                                                                               ;
+--------------------+-----------+---------------+----------------------+------------------------+------------+------------------------------------------------+
; Multiplexer Inputs ; Bus Width ; Baseline Area ; Area if Restructured ; Saving if Restructured ; Registered ; Example Multiplexer Output                     ;
+--------------------+-----------+---------------+----------------------+------------------------+------------+------------------------------------------------+
; 5:1                ; 4 bits    ; 12 LEs        ; 8 LEs                ; 4 LEs                  ; Yes        ; |top|cnt_year:cnt_year_t|year[6]               ;
; 5:1                ; 6 bits    ; 18 LEs        ; 12 LEs               ; 6 LEs                  ; Yes        ; |top|cnt_60s:cnt_60s_t|second[4]               ;
; 5:1                ; 3 bits    ; 9 LEs         ; 6 LEs                ; 3 LEs                  ; Yes        ; |top|cnt_12m:cnt_12m_t|month[1]                ;
; 5:1                ; 6 bits    ; 18 LEs        ; 12 LEs               ; 6 LEs                  ; Yes        ; |top|cnt_60p:cnt_60p_t|minute[0]               ;
; 5:1                ; 4 bits    ; 12 LEs        ; 8 LEs                ; 4 LEs                  ; Yes        ; |top|day_top:day_top_t|cnt_day:cnt_day1|day[1] ;
; 5:1                ; 5 bits    ; 15 LEs        ; 10 LEs               ; 5 LEs                  ; Yes        ; |top|cnt_24h:cnt_24h_t|hour[3]                 ;
; 5:1                ; 3 bits    ; 9 LEs         ; 6 LEs                ; 3 LEs                  ; Yes        ; |top|cnt_year:cnt_year_t|year[0]               ;
; 9:1                ; 3 bits    ; 18 LEs        ; 15 LEs               ; 3 LEs                  ; No         ; |top|display:display_t|bcd_sel3[1]             ;
+--------------------+-----------+---------------+----------------------+------------------------+------------+------------------------------------------------+


+----------------------------------------------------------------+
; Parameter Settings for User Entity Instance: clk_div:clk_div_t ;
+----------------+----------+------------------------------------+
; Parameter Name ; Value    ; Type                               ;
+----------------+----------+------------------------------------+
; clk_sys        ; 50000000 ; Signed Integer                     ;
+----------------+----------+------------------------------------+
Note: In order to hide this table in the UI and the text report file, please set the "Show Parameter Settings in Synthesis Report" option in "Analysis and Synthesis Settings -> More Settings" to "Off".


+------------------------------------------------------------------------------------------------------------------------------------------------------------------------------------------------------------+
; Port Connectivity Checks: "display:display_t|bin7_bcd2:mybin6"                                                                                                                                             ;
+------+-------+----------+----------------------------------------------------------------------------------------------------------------------------------------------------------------------------------+
; Port ; Type  ; Severity ; Details                                                                                                                                                                          ;
+------+-------+----------+----------------------------------------------------------------------------------------------------------------------------------------------------------------------------------+
; bin  ; Input ; Warning  ; Input port expression (8 bits) is wider than the input port (7 bits) it drives.  The 1 most-significant bit(s) in the expression will be dangling if they have no other fanouts. ;
+------+-------+----------+----------------------------------------------------------------------------------------------------------------------------------------------------------------------------------+


+----------------------------------------------------------------+
; Port Connectivity Checks: "display:display_t|bin7_bcd2:mybin5" ;
+-----------+-------+----------+---------------------------------+
; Port      ; Type  ; Severity ; Details                         ;
+-----------+-------+----------+---------------------------------+
; bin[6..4] ; Input ; Info     ; Stuck at GND                    ;
+-----------+-------+----------+---------------------------------+


+----------------------------------------------------------------+
; Port Connectivity Checks: "display:display_t|bin7_bcd2:mybin4" ;
+-----------+-------+----------+---------------------------------+
; Port      ; Type  ; Severity ; Details                         ;
+-----------+-------+----------+---------------------------------+
; bin[6..5] ; Input ; Info     ; Stuck at GND                    ;
+-----------+-------+----------+---------------------------------+


+----------------------------------------------------------------+
; Port Connectivity Checks: "display:display_t|bin7_bcd2:mybin3" ;
+-----------+-------+----------+---------------------------------+
; Port      ; Type  ; Severity ; Details                         ;
+-----------+-------+----------+---------------------------------+
; bin[6..5] ; Input ; Info     ; Stuck at GND                    ;
+-----------+-------+----------+---------------------------------+


+----------------------------------------------------------------+
; Port Connectivity Checks: "display:display_t|bin7_bcd2:mybin2" ;
+--------+-------+----------+------------------------------------+
; Port   ; Type  ; Severity ; Details                            ;
+--------+-------+----------+------------------------------------+
; bin[6] ; Input ; Info     ; Stuck at GND                       ;
+--------+-------+----------+------------------------------------+


+----------------------------------------------------------------+
; Port Connectivity Checks: "display:display_t|bin7_bcd2:mybin1" ;
+--------+-------+----------+------------------------------------+
; Port   ; Type  ; Severity ; Details                            ;
+--------+-------+----------+------------------------------------+
; bin[6] ; Input ; Info     ; Stuck at GND                       ;
+--------+-------+----------+------------------------------------+


+------------------------------------------------------------------------------------------------------------------------------------------------------------------------+
; Port Connectivity Checks: "display:display_t"                                                                                                                          ;
+------+-------+----------+----------------------------------------------------------------------------------------------------------------------------------------------+
; Port ; Type  ; Severity ; Details                                                                                                                                      ;
+------+-------+----------+----------------------------------------------------------------------------------------------------------------------------------------------+
; year ; Input ; Warning  ; Input port expression (7 bits) is smaller than the input port (8 bits) it drives.  Extra input bit(s) "year[7..7]" will be connected to GND. ;
+------+-------+----------+----------------------------------------------------------------------------------------------------------------------------------------------+


+--------------------------------------------------------------------------------------------------------------------------------------------------------------------------------------------------------+
; Port Connectivity Checks: "day_top:day_top_t|cnt_year:cnt_year1"                                                                                                                                       ;
+------------+--------+----------+-----------------------------------------------------------------------------------------------------------------------------------------------------------------------+
; Port       ; Type   ; Severity ; Details                                                                                                                                                               ;
+------------+--------+----------+-----------------------------------------------------------------------------------------------------------------------------------------------------------------------+
; year       ; Output ; Warning  ; Output or bidir port (7 bits) is smaller than the port expression (8 bits) it drives.  The 1 most-significant bit(s) in the port expression will be connected to GND. ;
; year[6..2] ; Output ; Info     ; Connected to dangling logic. Logic that only feeds a dangling port will be removed.                                                                                   ;
; clk_5hz    ; Input  ; Warning  ; Declared by entity but not connected by instance. If a default value exists, it will be used.  Otherwise, the port will be connected to GND.                          ;
; inc_y      ; Input  ; Warning  ; Declared by entity but not connected by instance. If a default value exists, it will be used.  Otherwise, the port will be connected to GND.                          ;
; rst_n      ; Input  ; Warning  ; Declared by entity but not connected by instance. If a default value exists, it will be used.  Otherwise, the port will be connected to GND.                          ;
; enable     ; Input  ; Warning  ; Declared by entity but not connected by instance. If a default value exists, it will be used.  Otherwise, the port will be connected to GND.                          ;
; up         ; Input  ; Warning  ; Declared by entity but not connected by instance. If a default value exists, it will be used.  Otherwise, the port will be connected to GND.                          ;
; down       ; Input  ; Warning  ; Declared by entity but not connected by instance. If a default value exists, it will be used.  Otherwise, the port will be connected to GND.                          ;
+------------+--------+----------+-----------------------------------------------------------------------------------------------------------------------------------------------------------------------+


+-----------------------------------------------------------------------------------------------------------------------------------------------------------------------------------------------------+
; Port Connectivity Checks: "day_top:day_top_t|cnt_12m:cnt_12m1"                                                                                                                                      ;
+---------+--------+----------+-----------------------------------------------------------------------------------------------------------------------------------------------------------------------+
; Port    ; Type   ; Severity ; Details                                                                                                                                                               ;
+---------+--------+----------+-----------------------------------------------------------------------------------------------------------------------------------------------------------------------+
; month   ; Output ; Warning  ; Output or bidir port (4 bits) is smaller than the port expression (5 bits) it drives.  The 1 most-significant bit(s) in the port expression will be connected to GND. ;
; clk_5hz ; Input  ; Warning  ; Declared by entity but not connected by instance. If a default value exists, it will be used.  Otherwise, the port will be connected to GND.                          ;
; inc_mon ; Input  ; Warning  ; Declared by entity but not connected by instance. If a default value exists, it will be used.  Otherwise, the port will be connected to GND.                          ;
; rst_n   ; Input  ; Warning  ; Declared by entity but not connected by instance. If a default value exists, it will be used.  Otherwise, the port will be connected to GND.                          ;
; enable  ; Input  ; Warning  ; Declared by entity but not connected by instance. If a default value exists, it will be used.  Otherwise, the port will be connected to GND.                          ;
; up      ; Input  ; Warning  ; Declared by entity but not connected by instance. If a default value exists, it will be used.  Otherwise, the port will be connected to GND.                          ;
; down    ; Input  ; Warning  ; Declared by entity but not connected by instance. If a default value exists, it will be used.  Otherwise, the port will be connected to GND.                          ;
; inc_y   ; Output ; Warning  ; Declared by entity but not connected by instance. Logic that only feeds a dangling port will be removed.                                                              ;
+---------+--------+----------+-----------------------------------------------------------------------------------------------------------------------------------------------------------------------+


+-----------------------------------------------------+
; Post-Synthesis Netlist Statistics for Top Partition ;
+-----------------------+-----------------------------+
; Type                  ; Count                       ;
+-----------------------+-----------------------------+
; boundary_port         ; 51                          ;
; cycloneiii_ff         ; 86                          ;
;     CLR               ; 55                          ;
;     ENA CLR           ; 28                          ;
;     ENA CLR SLD       ; 3                           ;
; cycloneiii_lcell_comb ; 368                         ;
;     arith             ; 96                          ;
;         2 data inputs ; 93                          ;
;         3 data inputs ; 3                           ;
;     normal            ; 272                         ;
;         0 data inputs ; 1                           ;
;         1 data inputs ; 18                          ;
;         2 data inputs ; 26                          ;
;         3 data inputs ; 34                          ;
;         4 data inputs ; 193                         ;
;                       ;                             ;
; Max LUT depth         ; 6.00                        ;
; Average LUT depth     ; 3.54                        ;
+-----------------------+-----------------------------+


+-------------------------------+
; Elapsed Time Per Partition    ;
+----------------+--------------+
; Partition Name ; Elapsed Time ;
+----------------+--------------+
; Top            ; 00:00:01     ;
+----------------+--------------+


+-------------------------------+
; Analysis & Synthesis Messages ;
+-------------------------------+
Info: *******************************************************************
Info: Running Quartus Prime Analysis & Synthesis
    Info: Version 24.1std.0 Build 1077 03/04/2025 SC Lite Edition
    Info: Processing started: Sat Aug 16 17:12:55 2025
Info: Command: quartus_map --read_settings_files=on --write_settings_files=off Dong_ho_the_ky -c Dong_ho_the_ky
Warning (18236): Number of processors has not been specified which may cause overloading on shared machines.  Set the global assignment NUM_PARALLEL_PROCESSORS in your QSF to an appropriate value for best performance.
Info (20030): Parallel compilation is enabled and will use 12 of the 12 processors detected
Info (12021): Found 1 design units, including 1 entities, in source file clk_div.v
    Info (12023): Found entity 1: clk_div File: E:/Bai_tap_verilog/verilog/BTVN/clk_div.v Line: 3
Info (12021): Found 1 design units, including 1 entities, in source file cnt_60s.v
    Info (12023): Found entity 1: cnt_60s File: E:/Bai_tap_verilog/verilog/BTVN/cnt_60s.v Line: 3
Info (12021): Found 1 design units, including 1 entities, in source file cnt_60p.v
    Info (12023): Found entity 1: cnt_60p File: E:/Bai_tap_verilog/verilog/BTVN/cnt_60p.v Line: 3
Info (12021): Found 1 design units, including 1 entities, in source file cnt_24h.v
    Info (12023): Found entity 1: cnt_24h File: E:/Bai_tap_verilog/verilog/BTVN/cnt_24h.v Line: 3
Info (12021): Found 1 design units, including 1 entities, in source file cnt_day.v
    Info (12023): Found entity 1: cnt_day File: E:/Bai_tap_verilog/verilog/BTVN/cnt_day.v Line: 3
Info (12021): Found 1 design units, including 1 entities, in source file day_mon.v
    Info (12023): Found entity 1: day_mon File: E:/Bai_tap_verilog/verilog/BTVN/day_mon.v Line: 3
Info (12021): Found 1 design units, including 1 entities, in source file cnt_12m.v
    Info (12023): Found entity 1: cnt_12m File: E:/Bai_tap_verilog/verilog/BTVN/cnt_12m.v Line: 3
Info (12021): Found 1 design units, including 1 entities, in source file cnt_year.v
    Info (12023): Found entity 1: cnt_year File: E:/Bai_tap_verilog/verilog/BTVN/cnt_year.v Line: 3
Info (12021): Found 1 design units, including 1 entities, in source file decode_7seg.v
    Info (12023): Found entity 1: decode_7seg File: E:/Bai_tap_verilog/verilog/BTVN/decode_7seg.v Line: 3
Info (12021): Found 1 design units, including 1 entities, in source file bin7_bcd2.v
    Info (12023): Found entity 1: bin7_bcd2 File: E:/Bai_tap_verilog/verilog/BTVN/bin7_bcd2.v Line: 2
Info (12021): Found 1 design units, including 1 entities, in source file control.v
    Info (12023): Found entity 1: control File: E:/Bai_tap_verilog/verilog/BTVN/control.v Line: 3
Info (12021): Found 1 design units, including 1 entities, in source file display.v
    Info (12023): Found entity 1: display File: E:/Bai_tap_verilog/verilog/BTVN/display.v Line: 3
Info (12021): Found 1 design units, including 1 entities, in source file top.v
    Info (12023): Found entity 1: top File: E:/Bai_tap_verilog/verilog/BTVN/top.v Line: 3
Info (12021): Found 1 design units, including 1 entities, in source file day_top.v
    Info (12023): Found entity 1: day_top File: E:/Bai_tap_verilog/verilog/BTVN/day_top.v Line: 1
Info (12127): Elaborating entity "top" for the top level hierarchy
Info (12128): Elaborating entity "clk_div" for hierarchy "clk_div:clk_div_t" File: E:/Bai_tap_verilog/verilog/BTVN/top.v Line: 31
Warning (10230): Verilog HDL assignment warning at clk_div.v(21): truncated value with size 32 to match size of target (25) File: E:/Bai_tap_verilog/verilog/BTVN/clk_div.v Line: 21
Warning (10230): Verilog HDL assignment warning at clk_div.v(37): truncated value with size 32 to match size of target (23) File: E:/Bai_tap_verilog/verilog/BTVN/clk_div.v Line: 37
Info (12128): Elaborating entity "control" for hierarchy "control:control_t" File: E:/Bai_tap_verilog/verilog/BTVN/top.v Line: 42
Warning (10235): Verilog HDL Always Construct warning at control.v(13): variable "sel" is read inside the Always Construct but isn't in the Always Construct's Event Control File: E:/Bai_tap_verilog/verilog/BTVN/control.v Line: 13
Info (12128): Elaborating entity "cnt_60s" for hierarchy "cnt_60s:cnt_60s_t" File: E:/Bai_tap_verilog/verilog/BTVN/top.v Line: 54
Warning (10230): Verilog HDL assignment warning at cnt_60s.v(20): truncated value with size 32 to match size of target (6) File: E:/Bai_tap_verilog/verilog/BTVN/cnt_60s.v Line: 20
Warning (10230): Verilog HDL assignment warning at cnt_60s.v(22): truncated value with size 32 to match size of target (6) File: E:/Bai_tap_verilog/verilog/BTVN/cnt_60s.v Line: 22
Warning (10230): Verilog HDL assignment warning at cnt_60s.v(32): truncated value with size 32 to match size of target (6) File: E:/Bai_tap_verilog/verilog/BTVN/cnt_60s.v Line: 32
Info (12128): Elaborating entity "cnt_60p" for hierarchy "cnt_60p:cnt_60p_t" File: E:/Bai_tap_verilog/verilog/BTVN/top.v Line: 66
Warning (10230): Verilog HDL assignment warning at cnt_60p.v(20): truncated value with size 32 to match size of target (6) File: E:/Bai_tap_verilog/verilog/BTVN/cnt_60p.v Line: 20
Warning (10230): Verilog HDL assignment warning at cnt_60p.v(22): truncated value with size 32 to match size of target (6) File: E:/Bai_tap_verilog/verilog/BTVN/cnt_60p.v Line: 22
Warning (10230): Verilog HDL assignment warning at cnt_60p.v(32): truncated value with size 32 to match size of target (6) File: E:/Bai_tap_verilog/verilog/BTVN/cnt_60p.v Line: 32
Info (12128): Elaborating entity "cnt_24h" for hierarchy "cnt_24h:cnt_24h_t" File: E:/Bai_tap_verilog/verilog/BTVN/top.v Line: 78
Warning (10230): Verilog HDL assignment warning at cnt_24h.v(20): truncated value with size 32 to match size of target (5) File: E:/Bai_tap_verilog/verilog/BTVN/cnt_24h.v Line: 20
Warning (10230): Verilog HDL assignment warning at cnt_24h.v(22): truncated value with size 32 to match size of target (5) File: E:/Bai_tap_verilog/verilog/BTVN/cnt_24h.v Line: 22
Warning (10230): Verilog HDL assignment warning at cnt_24h.v(32): truncated value with size 32 to match size of target (5) File: E:/Bai_tap_verilog/verilog/BTVN/cnt_24h.v Line: 32
Info (12128): Elaborating entity "day_top" for hierarchy "day_top:day_top_t" File: E:/Bai_tap_verilog/verilog/BTVN/top.v Line: 90
Info (12128): Elaborating entity "cnt_day" for hierarchy "day_top:day_top_t|cnt_day:cnt_day1" File: E:/Bai_tap_verilog/verilog/BTVN/day_top.v Line: 9
Warning (10230): Verilog HDL assignment warning at cnt_day.v(20): truncated value with size 32 to match size of target (5) File: E:/Bai_tap_verilog/verilog/BTVN/cnt_day.v Line: 20
Warning (10230): Verilog HDL assignment warning at cnt_day.v(22): truncated value with size 32 to match size of target (5) File: E:/Bai_tap_verilog/verilog/BTVN/cnt_day.v Line: 22
Warning (10230): Verilog HDL assignment warning at cnt_day.v(32): truncated value with size 32 to match size of target (5) File: E:/Bai_tap_verilog/verilog/BTVN/cnt_day.v Line: 32
Info (12128): Elaborating entity "cnt_12m" for hierarchy "day_top:day_top_t|cnt_12m:cnt_12m1" File: E:/Bai_tap_verilog/verilog/BTVN/day_top.v Line: 13
Warning (10230): Verilog HDL assignment warning at cnt_12m.v(20): truncated value with size 32 to match size of target (4) File: E:/Bai_tap_verilog/verilog/BTVN/cnt_12m.v Line: 20
Warning (10230): Verilog HDL assignment warning at cnt_12m.v(22): truncated value with size 32 to match size of target (4) File: E:/Bai_tap_verilog/verilog/BTVN/cnt_12m.v Line: 22
Warning (10230): Verilog HDL assignment warning at cnt_12m.v(32): truncated value with size 32 to match size of target (4) File: E:/Bai_tap_verilog/verilog/BTVN/cnt_12m.v Line: 32
Info (12128): Elaborating entity "cnt_year" for hierarchy "day_top:day_top_t|cnt_year:cnt_year1" File: E:/Bai_tap_verilog/verilog/BTVN/day_top.v Line: 14
Warning (10230): Verilog HDL assignment warning at cnt_year.v(17): truncated value with size 32 to match size of target (7) File: E:/Bai_tap_verilog/verilog/BTVN/cnt_year.v Line: 17
Warning (10230): Verilog HDL assignment warning at cnt_year.v(19): truncated value with size 32 to match size of target (7) File: E:/Bai_tap_verilog/verilog/BTVN/cnt_year.v Line: 19
Warning (10230): Verilog HDL assignment warning at cnt_year.v(28): truncated value with size 32 to match size of target (7) File: E:/Bai_tap_verilog/verilog/BTVN/cnt_year.v Line: 28
Info (12128): Elaborating entity "day_mon" for hierarchy "day_top:day_top_t|day_mon:day_mon1" File: E:/Bai_tap_verilog/verilog/BTVN/day_top.v Line: 18
Warning (10230): Verilog HDL assignment warning at day_mon.v(11): truncated value with size 32 to match size of target (5) File: E:/Bai_tap_verilog/verilog/BTVN/day_mon.v Line: 11
Info (12128): Elaborating entity "display" for hierarchy "display:display_t" File: E:/Bai_tap_verilog/verilog/BTVN/top.v Line: 130
Info (12128): Elaborating entity "bin7_bcd2" for hierarchy "display:display_t|bin7_bcd2:mybin1" File: E:/Bai_tap_verilog/verilog/BTVN/display.v Line: 17
Info (12128): Elaborating entity "decode_7seg" for hierarchy "display:display_t|decode_7seg:my7seg1" File: E:/Bai_tap_verilog/verilog/BTVN/display.v Line: 43
Warning (12011): Net is missing source, defaulting to GND
    Warning (12110): Net "day_top:day_top_t|month[4]" is missing source, defaulting to GND File: E:/Bai_tap_verilog/verilog/BTVN/day_top.v Line: 12
Warning (19016): Clock multiplexers are found and protected
    Warning (19017): Found clock multiplexer cnt_year:cnt_year_t|clk_sel File: E:/Bai_tap_verilog/verilog/BTVN/cnt_year.v Line: 9
    Warning (19017): Found clock multiplexer cnt_12m:cnt_12m_t|clk_sel File: E:/Bai_tap_verilog/verilog/BTVN/cnt_12m.v Line: 10
    Warning (19017): Found clock multiplexer day_top:day_top_t|cnt_day:cnt_day1|clk_sel File: E:/Bai_tap_verilog/verilog/BTVN/cnt_day.v Line: 11
    Warning (19017): Found clock multiplexer cnt_24h:cnt_24h_t|clk_sel File: E:/Bai_tap_verilog/verilog/BTVN/cnt_24h.v Line: 10
    Warning (19017): Found clock multiplexer cnt_60p:cnt_60p_t|clk_sel File: E:/Bai_tap_verilog/verilog/BTVN/cnt_60p.v Line: 10
    Warning (19017): Found clock multiplexer cnt_60s:cnt_60s_t|clk_sel File: E:/Bai_tap_verilog/verilog/BTVN/cnt_60s.v Line: 10
Info (276014): Found 12 instances of uninferred RAM logic
    Info (276004): RAM logic "display:display_t|bin7_bcd2:mybin6|Ram1" is uninferred due to inappropriate RAM size File: E:/Bai_tap_verilog/verilog/BTVN/bin7_bcd2.v Line: 9
    Info (276004): RAM logic "display:display_t|bin7_bcd2:mybin1|Ram1" is uninferred due to inappropriate RAM size File: E:/Bai_tap_verilog/verilog/BTVN/bin7_bcd2.v Line: 9
    Info (276004): RAM logic "display:display_t|bin7_bcd2:mybin6|Ram0" is uninferred due to inappropriate RAM size File: E:/Bai_tap_verilog/verilog/BTVN/bin7_bcd2.v Line: 9
    Info (276004): RAM logic "display:display_t|bin7_bcd2:mybin1|Ram0" is uninferred due to inappropriate RAM size File: E:/Bai_tap_verilog/verilog/BTVN/bin7_bcd2.v Line: 9
    Info (276004): RAM logic "display:display_t|bin7_bcd2:mybin5|Ram1" is uninferred due to inappropriate RAM size File: E:/Bai_tap_verilog/verilog/BTVN/bin7_bcd2.v Line: 9
    Info (276004): RAM logic "display:display_t|bin7_bcd2:mybin2|Ram1" is uninferred due to inappropriate RAM size File: E:/Bai_tap_verilog/verilog/BTVN/bin7_bcd2.v Line: 9
    Info (276004): RAM logic "display:display_t|bin7_bcd2:mybin5|Ram0" is uninferred due to inappropriate RAM size File: E:/Bai_tap_verilog/verilog/BTVN/bin7_bcd2.v Line: 9
    Info (276004): RAM logic "display:display_t|bin7_bcd2:mybin2|Ram0" is uninferred due to inappropriate RAM size File: E:/Bai_tap_verilog/verilog/BTVN/bin7_bcd2.v Line: 9
    Info (276004): RAM logic "display:display_t|bin7_bcd2:mybin4|Ram1" is uninferred due to inappropriate RAM size File: E:/Bai_tap_verilog/verilog/BTVN/bin7_bcd2.v Line: 9
    Info (276004): RAM logic "display:display_t|bin7_bcd2:mybin3|Ram1" is uninferred due to inappropriate RAM size File: E:/Bai_tap_verilog/verilog/BTVN/bin7_bcd2.v Line: 9
    Info (276004): RAM logic "display:display_t|bin7_bcd2:mybin4|Ram0" is uninferred due to inappropriate RAM size File: E:/Bai_tap_verilog/verilog/BTVN/bin7_bcd2.v Line: 9
    Info (276004): RAM logic "display:display_t|bin7_bcd2:mybin3|Ram0" is uninferred due to inappropriate RAM size File: E:/Bai_tap_verilog/verilog/BTVN/bin7_bcd2.v Line: 9
Warning (12241): 4 hierarchies have connectivity warnings - see the Connectivity Checks report folder
Info (13000): Registers with preset signals will power-up high File: E:/Bai_tap_verilog/verilog/BTVN/cnt_year.v Line: 15
Info (13003): DEV_CLRn pin will set, and not reset, register with preset signal due to NOT Gate Push-Back
Warning (13024): Output pins are stuck at VCC or GND
    Warning (13410): Pin "led6[1]" is stuck at GND File: E:/Bai_tap_verilog/verilog/BTVN/top.v Line: 10
Info (286030): Timing-Driven Synthesis is running
Info (16010): Generating hard_block partition "hard_block:auto_generated_inst"
    Info (16011): Adding 0 node(s), including 0 DDIO, 0 PLL, 0 transceiver and 0 LCELL
Info (21057): Implemented 413 device resources after synthesis - the final resource count might be different
    Info (21058): Implemented 9 input pins
    Info (21059): Implemented 42 output pins
    Info (21061): Implemented 362 logic cells
Info: Quartus Prime Analysis & Synthesis was successful. 0 errors, 35 warnings
    Info: Peak virtual memory: 4843 megabytes
    Info: Processing ended: Sat Aug 16 17:13:03 2025
    Info: Elapsed time: 00:00:08
    Info: Total CPU time (on all processors): 00:00:21


